{"unfitted": true, "meta": ["sklearn.ensemble._forest", "ExtraTreesRegressor"], "params": {"bootstrap": false, "ccp_alpha": 0.0, "criterion": "squared_error", "max_depth": null, "max_features": 1.0, "max_leaf_nodes": null, "max_samples": null, "min_impurity_decrease": 0.0, "min_samples_leaf": 1, "min_samples_split": 2, "min_weight_fraction_leaf": 0.0, "monotonic_cst": null, "n_estimators": 100, "n_jobs": null, "oob_score": false, "random_state": 478163327, "verbose": 0, "warm_start": false}, "versions": ["sklearn", "1.4.0"]}